job 134180 on student-caas-n08 (1 nodes, 1 tasks)
started Thu Sep 17 02:53:11 AEST 2026
==============================================
 FIT3143 Lab 2 - baseline sweep
 host cores : 16
 reps       : 3
 n values   : 15 (min 20000000, max 100000000)
 results    : /srv/home/ttan0101/FIT3143-Lab-2/bench/results-caas/baselines-20260917-025311-133801-t2.csv
==============================================
WARNING: only 15 distinct values of n - the specification
         requires at least 30. Increase N_STEPS or widen the range.

--- Sweep A: increasing n (threads fixed at 16) ---
  n = 45979000
  n = 48603000
  n = 51377000
  n = 54309000
  n = 57408000
  n = 60684000
  n = 64147000
  n = 67808000
  n = 71677000
  n = 75768000
  n = 80092000
  n = 84662000
  n = 89494000
  n = 94601000
  n = 100000000
slurmstepd: error: *** JOB 134180 ON student-caas-n08 CANCELLED AT 2026-09-17T03:21:14 DUE TO TIME LIMIT ***
