job 136015 on student-caas-n[03-04] (2 nodes, 8 tasks)
started Thu Sep 17 15:25:35 AEST 2026
--- nodes in use
      4 student-caas-n03
      4 student-caas-n04
--- serial reference (n=10000000)
serial,10000000,1,1,664579,0.000047,2.011096,0.000000,0.056110,2.067256
--- task1, 8 ranks across 2 nodes
mpi-block,10000000,8,1,664579,0.000024,0.000017,0.345377,0.011802,0.000000,0.057384,0.435582,3.211099
  ok   task1 block
mpi-cyclic,10000000,8,1,664579,0.000026,0.000008,0.253770,0.010868,0.034689,0.068185,0.388750,1.001055
  ok   task1 cyclic
mpi-blockcyclic,10000000,8,1,664579,0.000026,0.000008,0.252152,0.009296,0.029822,0.212380,0.534364,1.004783
  ok   task1 blockcyclic
mpi-dynamic,10000000,8,1,664579,0.000025,0.000007,0.314044,0.011935,0.028176,0.060601,0.441002,1.001636
  ok   task1 dynamic
--- task2 hybrid, 2 ranks x 4 threads
hybrid-block,10000000,2,4,664579,0.000036,0.000024,0.314344,0.015381,0.009713,0.000000,0.086142,0.435213,1.650160,8
  ok   task2 block
hybrid-blockcyclic,10000000,2,4,664579,0.000034,0.000014,0.252259,0.014673,0.009056,0.024921,0.073310,0.385289,1.001097,8
  ok   task2 blockcyclic
hybrid-dynamic,10000000,2,4,664579,0.000037,0.000024,0.824907,0.028103,0.024817,0.023690,0.081268,0.994031,1.000118,8
  ok   task2 dynamic
finished Thu Sep 17 15:25:45 AEST 2026
SMOKE PASS
