job 136041 on student-caas-n03 (1 nodes, 1 tasks)
started Thu Sep 17 15:30:38 AEST 2026
==============================================
 FIT3143 Lab 2 - baseline sweep
 host cores : 16
 reps       : 3
 n values   : 7 (min 20000000, max 100000000)
 results    : /srv/home/ttan0101/FIT3143-Lab-2/bench/results-caas/baselines-20260917-153038-136039-t2.csv
==============================================
WARNING: only 7 distinct values of n - the specification
         requires at least 30. Increase N_STEPS or widen the range.

--- Sweep A: increasing n (threads fixed at 16) ---
  n = 54309000
  n = 57408000
  n = 60684000
  n = 64147000
  n = 67808000
  n = 71677000
  n = 75768000

Done. 63 rows -> /srv/home/ttan0101/FIT3143-Lab-2/bench/results-caas/baselines-20260917-153038-136039-t2.csv
Median t_total per configuration:
  openmp-dynamic-4096|54309000|16    n=3   median 1.9736 s
  openmp-dynamic-4096|57408000|16    n=3   median 1.9488 s
  openmp-dynamic-4096|60684000|16    n=3   median 2.0735 s
  openmp-dynamic-4096|64147000|16    n=3   median 2.2115 s
  openmp-dynamic-4096|67808000|16    n=3   median 2.4849 s
  openmp-dynamic-4096|71677000|16    n=3   median 2.7386 s
  openmp-dynamic-4096|75768000|16    n=3   median 3.3428 s
  pthreads|54309000|16               n=3   median 2.3616 s
  pthreads|57408000|16               n=3   median 2.7206 s
  pthreads|60684000|16               n=3   median 2.7384 s
  pthreads|64147000|16               n=3   median 2.8494 s
  pthreads|67808000|16               n=3   median 3.1149 s
  pthreads|71677000|16               n=3   median 3.3638 s
  pthreads|75768000|16               n=3   median 4.5857 s
  serial|54309000|1                  n=3   median 22.9762 s
  serial|57408000|1                  n=3   median 24.4512 s
  serial|60684000|1                  n=3   median 26.4496 s
  serial|64147000|1                  n=3   median 28.5923 s
  serial|67808000|1                  n=3   median 30.9344 s
  serial|71677000|1                  n=3   median 33.4449 s
  serial|75768000|1                  n=3   median 36.2780 s
finished Thu Sep 17 15:42:51 AEST 2026
