job 136045 on student-caas-n[07-10] (4 nodes, 64 tasks)
started Thu Sep 17 15:30:42 AEST 2026
==============================================
 FIT3143 Lab 2 - Open MPI sweep
 cores    : 16   reps: 3   scheme: blockcyclic
 n values : 15 (20000000 .. 100000000)
 results  : /srv/home/ttan0101/FIT3143-Lab-2/bench/results-caas/mpi-20260917-153042-136044-t1.csv
==============================================

--- Sweep A: increasing n (P=16, scheme=blockcyclic) ---
  n = 20000000
  n = 21141000
  n = 22347000
  n = 23623000
  n = 24971000
  n = 26396000
  n = 27902000
  n = 29494000
  n = 31178000
  n = 32957000
  n = 34838000
  n = 36826000
  n = 38927000
  n = 41149000
  n = 43497000

Done. 45 rows -> /srv/home/ttan0101/FIT3143-Lab-2/bench/results-caas/mpi-20260917-153042-136044-t1.csv
finished Thu Sep 17 15:34:34 AEST 2026
